// Jest Snapshot v1, https://goo.gl/fbAQLP

exports[`RodoContent component renders correctly according to Snapshot 1`] = `
<article
  className="mb-3"
>
  <h2
    className="text-center"
  >
    Wartości
  </h2>
  <span
    className="valueArticle d-block my-2 text-justify"
  >
    Pamiętasz, gdy będąc dzieckiem, odkrywałeś rzeczy, których działanie jeszcze do niedawna wydawało Ci się magią? Tą samą ścieżką podążał kiedyś każdy programista, który zaczynał poznawać nowe technologie i kształtować dzięki nim otaczającą rzeczywistość. Realizowanie kolejnych zadań przekonało nas, że fascynujące problemy do rozwiązania będą zawsze. Kto wie, może jednym z nich niedługo będzie właśnie Twój projekt?
  </span>
  <span
    className="valueArticle d-block my-2 text-justify"
  >
    Firma dynak.com została założona przez rodzeństwo Emilię i Cezarego Dynaków 20 marca 2019 roku. Dlaczego akurat wtedy? Tak się składa, że właśnie tego dnia obchodzony jest Międzynarodowy Dzień Szczęścia. A naszym celem od początku  było to, aby klienci i pracownicy czerpali radość ze współpracy z nami. To właśnie radość nadaje rzeczom sens i pozwala na realizację naprawdę wartościowych projektów.
  </span>
  <span
    className="valueArticle d-block my-2 text-justify"
  >
    Turkus to motyw kolorystyczny na stronie, ale też symbol ważnych dla nas wartości. Nie opieramy naszej pracy na sztywnej hierarchii, lecz na odpowiedzialności i wzajemnym zaufaniu - co jest charakterystyczne dla tzw. “turkusowych organizacji”. Wszystkie procesy i dokumenty w firmie są jawne. Śmiało podchodzimy do niestandardowych rozwiązań, jeśli wiemy, że przyczynią się do poprawy czyjegoś  życia. Takie podejście współgra ze zwinnym zarządzaniem projektami.
  </span>
</article>
`;

exports[`ValuesArticle component renders correctly according to Snapshot 1`] = `
<article
  className="mb-3"
>
  <h2
    className="text-center"
  >
    Wartości
  </h2>
  <span
    className="valueArticle d-block my-2 text-justify"
  >
    Pamiętasz, gdy będąc dzieckiem, odkrywałeś rzeczy, których działanie jeszcze do niedawna wydawało Ci się magią? Tą samą ścieżką podążał kiedyś każdy programista, który zaczynał poznawać nowe technologie i kształtować dzięki nim otaczającą rzeczywistość. Realizowanie kolejnych zadań przekonało nas, że fascynujące problemy do rozwiązania będą zawsze. Kto wie, może jednym z nich niedługo będzie właśnie Twój projekt?
  </span>
  <span
    className="valueArticle d-block my-2 text-justify"
  >
    Firma dynak.com została założona przez rodzeństwo Emilię i Cezarego Dynaków 20 marca 2019 roku. Dlaczego akurat wtedy? Tak się składa, że właśnie tego dnia obchodzony jest Międzynarodowy Dzień Szczęścia. A naszym celem od początku  było to, aby klienci i pracownicy czerpali radość ze współpracy z nami. To właśnie radość nadaje rzeczom sens i pozwala na realizację naprawdę wartościowych projektów.
  </span>
  <span
    className="valueArticle d-block my-2 text-justify"
  >
    Turkus to motyw kolorystyczny na stronie, ale też symbol ważnych dla nas wartości. Nie opieramy naszej pracy na sztywnej hierarchii, lecz na odpowiedzialności i wzajemnym zaufaniu - co jest charakterystyczne dla tzw. “turkusowych organizacji”. Wszystkie procesy i dokumenty w firmie są jawne. Śmiało podchodzimy do niestandardowych rozwiązań, jeśli wiemy, że przyczynią się do poprawy czyjegoś  życia. Takie podejście współgra ze zwinnym zarządzaniem projektami.
  </span>
</article>
`;
