// Jest Snapshot v1, https://goo.gl/fbAQLP

exports[`ProjectsPage component renders correctly according to Snapshot 1`] = `
<section
  className="projectsPageContainer"
>
  <h1
    className="text-center"
  >
    Nasze projekty:
  </h1>
  <div
    className="px-4"
  >
    <div
      className="row my-4"
    >
      <div
        className="col-12 col-md order-md-2 cardHeader"
      >
        <h2>
          dynak.io
        </h2>
      </div>
      <div
        className="col-12 col-md-7 order-md-1 cardWrapper"
      >
        <article
          className="singleCard false"
        >
          <p
            className="p-2 cardText"
          >
            Smart Home to już standard - pora na inteligentne biura i obiekty przemysłowe. Im większy obiekt, tym więcej niekoniecznie współgrających ze sobą systemów. Z tych potrzeb zrodziła się aplikacja dynak.io, która integruje systemy automatyki budynkowej. Najbardziej trywialne funkcjonalności mogą być wyceniane na niewyobrażalne kwoty. Czasem też po prostu ich nie ma. Tutaj natomiast może wystarczyć dopisanie jednego modułu.
          </p>
        </article>
      </div>
    </div>
    <div
      className="row my-4"
    >
      <div
        className="col-12 col-md order-md-1 cardHeader"
      >
        <h2>
          warehouse-app
        </h2>
      </div>
      <div
        className="col-12 col-md-7 order-md-2 cardWrapper"
      >
        <article
          className="singleCard cardEven"
        >
          <p
            className="p-2 cardText"
          >
            Warehouse jest aplikacją usprawniającą procesy powtarzane w magazynach setki razy dziennie - takie jak  przyjmowanie czy wydawanie towaru. Interfejs użytkownika jest zaprojektowany dla wygody i czytelności. Ponieważ działa jako strona, może być uruchamiany na praktycznie każdym urządzeniu z przeglądarką internetową. Dodatkowo współgra z zewnętrzną autoryzacją użytkowników, drukarką naklejek oraz pobiera i zapisuje dane do systemu ERP.
          </p>
        </article>
      </div>
    </div>
    <div
      className="row my-4"
    >
      <div
        className="col-12 col-md order-md-2 cardHeader"
      >
        <h2>
          strony internetowe
        </h2>
      </div>
      <div
        className="col-12 col-md-7 order-md-1 cardWrapper"
      >
        <article
          className="singleCard false"
        >
          <p
            className="p-2 cardText"
          >
            Nawet do stosunkowo łatwych projektów, takich jak stworzenie strony internetowej, podchodzimy z pełnym zaangażowaniem. Social media nie wystarczą. Dobrze zrobiona strona internetowa będzie wspierać Twój biznes. Zrealizujemy projekt zgodnie z Twoją wizją i pozwolimy Ci wyróżnić się na tle konkurencji.  Niezależnie od tego, czy potrzebujesz prostej strony internetowej czy czegoś naprawdę niestandardowego - możesz zrobić to z nami!
          </p>
        </article>
      </div>
    </div>
  </div>
</section>
`;
