// Jest Snapshot v1, https://goo.gl/fbAQLP

exports[`TechnologiesArticle component renders correctly according to Snapshot 1`] = `
<article>
  <h2
    className="text-center text-sm-left"
  >
    Technologie
  </h2>
  <p>
    Wykorzystujemy zarówno najnowsze narzędzia z branży IT, jak i te, które miały już szansę  zostać solidnie sprawdzone na rynku. Są to przede wszystkim full-stack JavaScript oraz TypeScript, czyli Node.js jako back-end oraz React.js jako front-end.
  </p>
</article>
`;
